#! 
:ivl_version "14.0 (devel)" "(s20260301-263-ge02a0bc2e-dirty)";
:ivl_delay_selection "TYPICAL";
:vpi_time_precision + 0;
:vpi_module "C:\Users\camil\DOWNLO~1\OSS-CA~1\lib\ivl\system.vpi";
:vpi_module "C:\Users\camil\DOWNLO~1\OSS-CA~1\lib\ivl\vhdl_sys.vpi";
:vpi_module "C:\Users\camil\DOWNLO~1\OSS-CA~1\lib\ivl\vhdl_textio.vpi";
:vpi_module "C:\Users\camil\DOWNLO~1\OSS-CA~1\lib\ivl\v2005_math.vpi";
:vpi_module "C:\Users\camil\DOWNLO~1\OSS-CA~1\lib\ivl\va_math.vpi";
S_0000024f74ccc920 .scope module, "topDiv_tb" "topDiv_tb" 2 1;
 .timescale 0 0;
v0000024f74d25480_0 .var "D", 15 0;
v0000024f74d25520_0 .net "Q", 15 0, v0000024f74d22960_0;  1 drivers
v0000024f74d250c0_0 .net "R", 16 0, v0000024f74d221e0_0;  1 drivers
v0000024f74d24ee0_0 .var "V", 15 0;
v0000024f74d25d40_0 .var "clk", 0 0;
v0000024f74d25ac0_0 .net "done", 0 0, v0000024f74cc8df0_0;  1 drivers
v0000024f74d25660_0 .var "rst", 0 0;
v0000024f74d244e0_0 .var "start", 0 0;
S_0000024f74c9d480 .scope module, "uut" "topDiv" 2 16, 3 1 0, S_0000024f74ccc920;
 .timescale 0 0;
    .port_info 0 /INPUT 1 "clk";
    .port_info 1 /INPUT 1 "rst";
    .port_info 2 /INPUT 1 "start";
    .port_info 3 /INPUT 16 "D";
    .port_info 4 /INPUT 16 "V";
    .port_info 5 /OUTPUT 16 "Q";
    .port_info 6 /OUTPUT 17 "R";
    .port_info 7 /OUTPUT 1 "done";
v0000024f74d23040_0 .net "D", 15 0, v0000024f74d25480_0;  1 drivers
v0000024f74d230e0_0 .net "Q", 15 0, v0000024f74d22960_0;  alias, 1 drivers
v0000024f74d21880_0 .net "R", 16 0, v0000024f74d221e0_0;  alias, 1 drivers
v0000024f74d21920_0 .net "V", 15 0, v0000024f74d24ee0_0;  1 drivers
v0000024f74d219c0_0 .net "clk", 0 0, v0000024f74d25d40_0;  1 drivers
v0000024f74d23180_0 .net "done", 0 0, v0000024f74cc8df0_0;  alias, 1 drivers
v0000024f74d22320_0 .net "rst", 0 0, v0000024f74d25660_0;  1 drivers
v0000024f74d23220_0 .net "start", 0 0, v0000024f74d244e0_0;  1 drivers
v0000024f74d232c0_0 .net "w_V", 15 0, v0000024f74d217e0_0;  1 drivers
v0000024f74d22640_0 .net "w_alu_out", 16 0, L_0000024f74d25e80;  1 drivers
v0000024f74d21d80_0 .net "w_dec_c", 0 0, v0000024f74cc8cb0_0;  1 drivers
v0000024f74d21a60_0 .net "w_force_add", 0 0, v0000024f74cc8670_0;  1 drivers
v0000024f74d21ba0_0 .net "w_init_c", 0 0, v0000024f74cc87b0_0;  1 drivers
v0000024f74d21e20_0 .net "w_load_q", 0 0, v0000024f74d214c0_0;  1 drivers
v0000024f74d223c0_0 .net "w_load_r", 0 0, v0000024f74d22820_0;  1 drivers
v0000024f74d21b00_0 .net "w_load_v", 0 0, v0000024f74d22460_0;  1 drivers
v0000024f74d226e0_0 .net "w_msb_q", 0 0, L_0000024f74d255c0;  1 drivers
v0000024f74d21c40_0 .net "w_reset", 0 0, v0000024f74d220a0_0;  1 drivers
v0000024f74d22780_0 .net "w_set_q0", 0 0, v0000024f74d216a0_0;  1 drivers
v0000024f74d25de0_0 .net "w_shift_rq", 0 0, v0000024f74d22e60_0;  1 drivers
v0000024f74d24440_0 .net "w_sign_r", 0 0, L_0000024f74d24da0;  1 drivers
v0000024f74d25ca0_0 .net "w_zero", 0 0, L_0000024f74d24580;  1 drivers
S_0000024f74c9d6e0 .scope module, "alu0" "alu" 3 30, 4 1 0, S_0000024f74c9d480;
 .timescale 0 0;
    .port_info 0 /INPUT 17 "in_R";
    .port_info 1 /INPUT 16 "in_V";
    .port_info 2 /INPUT 1 "force_add";
    .port_info 3 /INPUT 1 "sign_r";
    .port_info 4 /OUTPUT 17 "alu_out";
L_0000024f74c94590 .functor OR 1, v0000024f74cc8670_0, L_0000024f74d24da0, C4<0>, C4<0>;
L_0000024f74d50088 .functor BUFT 1, C4<0>, C4<0>, C4<0>, C4<0>;
v0000024f74cc88f0_0 .net/2u *"_ivl_0", 0 0, L_0000024f74d50088;  1 drivers
v0000024f74cc8990_0 .net *"_ivl_4", 0 0, L_0000024f74c94590;  1 drivers
v0000024f74cc91b0_0 .net *"_ivl_6", 16 0, L_0000024f74d24760;  1 drivers
v0000024f74cc8710_0 .net *"_ivl_8", 16 0, L_0000024f74d24a80;  1 drivers
v0000024f74cc8d50_0 .net "alu_out", 16 0, L_0000024f74d25e80;  alias, 1 drivers
v0000024f74cc8f30_0 .net "ext_V", 16 0, L_0000024f74d246c0;  1 drivers
v0000024f74cc9390_0 .net "force_add", 0 0, v0000024f74cc8670_0;  alias, 1 drivers
v0000024f74cc92f0_0 .net "in_R", 16 0, v0000024f74d221e0_0;  alias, 1 drivers
v0000024f74cc8850_0 .net "in_V", 15 0, v0000024f74d217e0_0;  alias, 1 drivers
v0000024f74cc9110_0 .net "sign_r", 0 0, L_0000024f74d24da0;  alias, 1 drivers
L_0000024f74d246c0 .concat [ 16 1 0 0], v0000024f74d217e0_0, L_0000024f74d50088;
L_0000024f74d24760 .arith/sum 17, v0000024f74d221e0_0, L_0000024f74d246c0;
L_0000024f74d24a80 .arith/sub 17, v0000024f74d221e0_0, L_0000024f74d246c0;
L_0000024f74d25e80 .functor MUXZ 17, L_0000024f74d24a80, L_0000024f74d24760, L_0000024f74c94590, C4<>;
S_0000024f74cabc20 .scope module, "comp0" "comp" 3 31, 5 1 0, S_0000024f74c9d480;
 .timescale 0 0;
    .port_info 0 /INPUT 1 "clk";
    .port_info 1 /INPUT 1 "rst";
    .port_info 2 /INPUT 1 "init_c";
    .port_info 3 /INPUT 1 "dec_c";
    .port_info 4 /OUTPUT 1 "z";
L_0000024f74d500d0 .functor BUFT 1, C4<00000>, C4<0>, C4<0>, C4<0>;
v0000024f74cc9430_0 .net/2u *"_ivl_0", 4 0, L_0000024f74d500d0;  1 drivers
v0000024f74cc8ad0_0 .net "clk", 0 0, v0000024f74d25d40_0;  alias, 1 drivers
v0000024f74cc8b70_0 .var "count", 4 0;
v0000024f74cc8e90_0 .net "dec_c", 0 0, v0000024f74cc8cb0_0;  alias, 1 drivers
v0000024f74cc8530_0 .net "init_c", 0 0, v0000024f74cc87b0_0;  alias, 1 drivers
v0000024f74cc9250_0 .net "rst", 0 0, v0000024f74d220a0_0;  alias, 1 drivers
v0000024f74cc8c10_0 .net "z", 0 0, L_0000024f74d24580;  alias, 1 drivers
E_0000024f74c971a0 .event posedge, v0000024f74cc8ad0_0;
L_0000024f74d24580 .cmp/eq 5, v0000024f74cc8b70_0, L_0000024f74d500d0;
S_0000024f74cabdb0 .scope module, "control0" "control_div" 3 32, 6 1 0, S_0000024f74c9d480;
 .timescale 0 0;
    .port_info 0 /INPUT 1 "clk";
    .port_info 1 /INPUT 1 "rst";
    .port_info 2 /INPUT 1 "start";
    .port_info 3 /INPUT 1 "sign_r";
    .port_info 4 /INPUT 1 "z";
    .port_info 5 /OUTPUT 1 "load_v";
    .port_info 6 /OUTPUT 1 "load_q";
    .port_info 7 /OUTPUT 1 "shift_rq";
    .port_info 8 /OUTPUT 1 "set_q0";
    .port_info 9 /OUTPUT 1 "force_add";
    .port_info 10 /OUTPUT 1 "reset";
    .port_info 11 /OUTPUT 1 "load_r";
    .port_info 12 /OUTPUT 1 "init_c";
    .port_info 13 /OUTPUT 1 "dec_c";
    .port_info 14 /OUTPUT 1 "done";
P_0000024f74ca79f0 .param/l "S_ADDSUB" 0 6 36, C4<100>;
P_0000024f74ca7a28 .param/l "S_CHECK_C" 0 6 34, C4<010>;
P_0000024f74ca7a60 .param/l "S_CORRECT" 0 6 38, C4<110>;
P_0000024f74ca7a98 .param/l "S_END_CHECK" 0 6 37, C4<101>;
P_0000024f74ca7ad0 .param/l "S_FINISH" 0 6 39, C4<111>;
P_0000024f74ca7b08 .param/l "S_INIT" 0 6 33, C4<001>;
P_0000024f74ca7b40 .param/l "S_SHIFT" 0 6 35, C4<011>;
P_0000024f74ca7b78 .param/l "S_START" 0 6 32, C4<000>;
v0000024f74cc8a30_0 .net "clk", 0 0, v0000024f74d25d40_0;  alias, 1 drivers
v0000024f74cc8cb0_0 .var "dec_c", 0 0;
v0000024f74cc8df0_0 .var "done", 0 0;
v0000024f74cc8fd0_0 .var "flag_just_operated", 0 0;
v0000024f74cc8670_0 .var "force_add", 0 0;
v0000024f74cc87b0_0 .var "init_c", 0 0;
v0000024f74d214c0_0 .var "load_q", 0 0;
v0000024f74d22820_0 .var "load_r", 0 0;
v0000024f74d22460_0 .var "load_v", 0 0;
v0000024f74d22000_0 .var "next_state", 2 0;
v0000024f74d220a0_0 .var "reset", 0 0;
v0000024f74d21ec0_0 .net "rst", 0 0, v0000024f74d25660_0;  alias, 1 drivers
v0000024f74d216a0_0 .var "set_q0", 0 0;
v0000024f74d22e60_0 .var "shift_rq", 0 0;
v0000024f74d22140_0 .net "sign_r", 0 0, L_0000024f74d24da0;  alias, 1 drivers
v0000024f74d228c0_0 .net "start", 0 0, v0000024f74d244e0_0;  alias, 1 drivers
v0000024f74d21ce0_0 .var "state", 2 0;
v0000024f74d22be0_0 .net "z", 0 0, L_0000024f74d24580;  alias, 1 drivers
E_0000024f74c974a0/0 .event anyedge, v0000024f74d21ce0_0, v0000024f74d228c0_0, v0000024f74cc8fd0_0, v0000024f74cc9110_0;
E_0000024f74c974a0/1 .event anyedge, v0000024f74cc8c10_0;
E_0000024f74c974a0 .event/or E_0000024f74c974a0/0, E_0000024f74c974a0/1;
S_0000024f74ca7cd0 .scope module, "reg_q0" "reg_q" 3 28, 7 1 0, S_0000024f74c9d480;
 .timescale 0 0;
    .port_info 0 /INPUT 1 "clk";
    .port_info 1 /INPUT 1 "load_q";
    .port_info 2 /INPUT 1 "shift_rq";
    .port_info 3 /INPUT 1 "set_q0";
    .port_info 4 /INPUT 16 "in_D";
    .port_info 5 /OUTPUT 1 "msb_q";
    .port_info 6 /OUTPUT 16 "out_Q";
v0000024f74d22f00_0 .net "clk", 0 0, v0000024f74d25d40_0;  alias, 1 drivers
v0000024f74d22a00_0 .net "in_D", 15 0, v0000024f74d25480_0;  alias, 1 drivers
v0000024f74d22fa0_0 .net "load_q", 0 0, v0000024f74d214c0_0;  alias, 1 drivers
v0000024f74d22aa0_0 .net "msb_q", 0 0, L_0000024f74d255c0;  alias, 1 drivers
v0000024f74d22960_0 .var "out_Q", 15 0;
v0000024f74d22b40_0 .net "set_q0", 0 0, v0000024f74d216a0_0;  alias, 1 drivers
v0000024f74d21f60_0 .net "shift_rq", 0 0, v0000024f74d22e60_0;  alias, 1 drivers
L_0000024f74d255c0 .part v0000024f74d22960_0, 15, 1;
S_0000024f74cafa60 .scope module, "reg_r0" "reg_r" 3 29, 8 1 0, S_0000024f74c9d480;
 .timescale 0 0;
    .port_info 0 /INPUT 1 "clk";
    .port_info 1 /INPUT 1 "rst";
    .port_info 2 /INPUT 1 "shift_rq";
    .port_info 3 /INPUT 1 "load_r";
    .port_info 4 /INPUT 1 "in_msb_q";
    .port_info 5 /INPUT 17 "alu_out";
    .port_info 6 /OUTPUT 17 "out_R";
    .port_info 7 /OUTPUT 1 "sign_r";
v0000024f74d22c80_0 .net "alu_out", 16 0, L_0000024f74d25e80;  alias, 1 drivers
v0000024f74d21420_0 .net "clk", 0 0, v0000024f74d25d40_0;  alias, 1 drivers
v0000024f74d22500_0 .net "in_msb_q", 0 0, L_0000024f74d255c0;  alias, 1 drivers
v0000024f74d22d20_0 .net "load_r", 0 0, v0000024f74d22820_0;  alias, 1 drivers
v0000024f74d221e0_0 .var "out_R", 16 0;
v0000024f74d22280_0 .net "rst", 0 0, v0000024f74d220a0_0;  alias, 1 drivers
v0000024f74d21560_0 .net "shift_rq", 0 0, v0000024f74d22e60_0;  alias, 1 drivers
v0000024f74d22dc0_0 .net "sign_r", 0 0, L_0000024f74d24da0;  alias, 1 drivers
L_0000024f74d24da0 .part v0000024f74d221e0_0, 16, 1;
S_0000024f74cafbf0 .scope module, "reg_v0" "reg_v" 3 27, 9 1 0, S_0000024f74c9d480;
 .timescale 0 0;
    .port_info 0 /INPUT 1 "clk";
    .port_info 1 /INPUT 1 "load_v";
    .port_info 2 /INPUT 16 "in_V";
    .port_info 3 /OUTPUT 16 "out_V";
v0000024f74d225a0_0 .net "clk", 0 0, v0000024f74d25d40_0;  alias, 1 drivers
v0000024f74d21600_0 .net "in_V", 15 0, v0000024f74d24ee0_0;  alias, 1 drivers
v0000024f74d21740_0 .net "load_v", 0 0, v0000024f74d22460_0;  alias, 1 drivers
v0000024f74d217e0_0 .var "out_V", 15 0;
    .scope S_0000024f74cafbf0;
T_0 ;
    %wait E_0000024f74c971a0;
    %load/vec4 v0000024f74d21740_0;
    %flag_set/vec4 8;
    %jmp/0xz  T_0.0, 8;
    %load/vec4 v0000024f74d21600_0;
    %assign/vec4 v0000024f74d217e0_0, 0;
T_0.0 ;
    %jmp T_0;
    .thread T_0;
    .scope S_0000024f74ca7cd0;
T_1 ;
    %wait E_0000024f74c971a0;
    %load/vec4 v0000024f74d22fa0_0;
    %flag_set/vec4 8;
    %jmp/0xz  T_1.0, 8;
    %load/vec4 v0000024f74d22a00_0;
    %assign/vec4 v0000024f74d22960_0, 0;
    %jmp T_1.1;
T_1.0 ;
    %load/vec4 v0000024f74d21f60_0;
    %flag_set/vec4 8;
    %jmp/0xz  T_1.2, 8;
    %load/vec4 v0000024f74d22960_0;
    %parti/s 15, 0, 2;
    %concati/vec4 0, 0, 1;
    %assign/vec4 v0000024f74d22960_0, 0;
    %jmp T_1.3;
T_1.2 ;
    %load/vec4 v0000024f74d22b40_0;
    %flag_set/vec4 8;
    %jmp/0xz  T_1.4, 8;
    %pushi/vec4 1, 0, 1;
    %ix/load 5, 0, 0;
    %ix/load 4, 0, 0;
    %flag_set/imm 4, 0;
    %assign/vec4/off/d v0000024f74d22960_0, 4, 5;
T_1.4 ;
T_1.3 ;
T_1.1 ;
    %jmp T_1;
    .thread T_1;
    .scope S_0000024f74cafa60;
T_2 ;
    %wait E_0000024f74c971a0;
    %load/vec4 v0000024f74d22280_0;
    %flag_set/vec4 8;
    %jmp/0xz  T_2.0, 8;
    %pushi/vec4 0, 0, 17;
    %assign/vec4 v0000024f74d221e0_0, 0;
    %jmp T_2.1;
T_2.0 ;
    %load/vec4 v0000024f74d22d20_0;
    %flag_set/vec4 8;
    %jmp/0xz  T_2.2, 8;
    %load/vec4 v0000024f74d22c80_0;
    %assign/vec4 v0000024f74d221e0_0, 0;
    %jmp T_2.3;
T_2.2 ;
    %load/vec4 v0000024f74d21560_0;
    %flag_set/vec4 8;
    %jmp/0xz  T_2.4, 8;
    %load/vec4 v0000024f74d221e0_0;
    %parti/s 16, 0, 2;
    %load/vec4 v0000024f74d22500_0;
    %concat/vec4; draw_concat_vec4
    %assign/vec4 v0000024f74d221e0_0, 0;
T_2.4 ;
T_2.3 ;
T_2.1 ;
    %jmp T_2;
    .thread T_2;
    .scope S_0000024f74cabc20;
T_3 ;
    %wait E_0000024f74c971a0;
    %load/vec4 v0000024f74cc8530_0;
    %flag_set/vec4 8;
    %jmp/0xz  T_3.0, 8;
    %pushi/vec4 16, 0, 5;
    %assign/vec4 v0000024f74cc8b70_0, 0;
    %jmp T_3.1;
T_3.0 ;
    %load/vec4 v0000024f74cc9250_0;
    %flag_set/vec4 8;
    %jmp/0xz  T_3.2, 8;
    %pushi/vec4 0, 0, 5;
    %assign/vec4 v0000024f74cc8b70_0, 0;
    %jmp T_3.3;
T_3.2 ;
    %load/vec4 v0000024f74cc8e90_0;
    %flag_set/vec4 8;
    %jmp/0xz  T_3.4, 8;
    %load/vec4 v0000024f74cc8b70_0;
    %subi 1, 0, 5;
    %assign/vec4 v0000024f74cc8b70_0, 0;
T_3.4 ;
T_3.3 ;
T_3.1 ;
    %jmp T_3;
    .thread T_3;
    .scope S_0000024f74cabdb0;
T_4 ;
    %wait E_0000024f74c971a0;
    %load/vec4 v0000024f74d21ec0_0;
    %flag_set/vec4 8;
    %jmp/0xz  T_4.0, 8;
    %pushi/vec4 0, 0, 3;
    %assign/vec4 v0000024f74d21ce0_0, 0;
    %pushi/vec4 0, 0, 1;
    %assign/vec4 v0000024f74cc8fd0_0, 0;
    %jmp T_4.1;
T_4.0 ;
    %load/vec4 v0000024f74d22000_0;
    %assign/vec4 v0000024f74d21ce0_0, 0;
    %load/vec4 v0000024f74d21ce0_0;
    %cmpi/e 4, 0, 3;
    %jmp/0xz  T_4.2, 4;
    %pushi/vec4 1, 0, 1;
    %assign/vec4 v0000024f74cc8fd0_0, 0;
    %jmp T_4.3;
T_4.2 ;
    %pushi/vec4 0, 0, 1;
    %assign/vec4 v0000024f74cc8fd0_0, 0;
T_4.3 ;
T_4.1 ;
    %jmp T_4;
    .thread T_4;
    .scope S_0000024f74cabdb0;
T_5 ;
    %wait E_0000024f74c974a0;
    %pushi/vec4 0, 0, 1;
    %store/vec4 v0000024f74d22460_0, 0, 1;
    %pushi/vec4 0, 0, 1;
    %store/vec4 v0000024f74d214c0_0, 0, 1;
    %pushi/vec4 0, 0, 1;
    %store/vec4 v0000024f74d22e60_0, 0, 1;
    %pushi/vec4 0, 0, 1;
    %store/vec4 v0000024f74d216a0_0, 0, 1;
    %pushi/vec4 0, 0, 1;
    %store/vec4 v0000024f74cc8670_0, 0, 1;
    %pushi/vec4 0, 0, 1;
    %store/vec4 v0000024f74d220a0_0, 0, 1;
    %pushi/vec4 0, 0, 1;
    %store/vec4 v0000024f74d22820_0, 0, 1;
    %pushi/vec4 0, 0, 1;
    %store/vec4 v0000024f74cc87b0_0, 0, 1;
    %pushi/vec4 0, 0, 1;
    %store/vec4 v0000024f74cc8cb0_0, 0, 1;
    %pushi/vec4 0, 0, 1;
    %store/vec4 v0000024f74cc8df0_0, 0, 1;
    %load/vec4 v0000024f74d21ce0_0;
    %store/vec4 v0000024f74d22000_0, 0, 3;
    %load/vec4 v0000024f74d21ce0_0;
    %dup/vec4;
    %pushi/vec4 0, 0, 3;
    %cmp/e;
    %jmp/1 T_5.0, 6;
    %dup/vec4;
    %pushi/vec4 1, 0, 3;
    %cmp/e;
    %jmp/1 T_5.1, 6;
    %dup/vec4;
    %pushi/vec4 2, 0, 3;
    %cmp/e;
    %jmp/1 T_5.2, 6;
    %dup/vec4;
    %pushi/vec4 3, 0, 3;
    %cmp/e;
    %jmp/1 T_5.3, 6;
    %dup/vec4;
    %pushi/vec4 4, 0, 3;
    %cmp/e;
    %jmp/1 T_5.4, 6;
    %dup/vec4;
    %pushi/vec4 5, 0, 3;
    %cmp/e;
    %jmp/1 T_5.5, 6;
    %dup/vec4;
    %pushi/vec4 6, 0, 3;
    %cmp/e;
    %jmp/1 T_5.6, 6;
    %dup/vec4;
    %pushi/vec4 7, 0, 3;
    %cmp/e;
    %jmp/1 T_5.7, 6;
    %pushi/vec4 0, 0, 3;
    %store/vec4 v0000024f74d22000_0, 0, 3;
    %jmp T_5.9;
T_5.0 ;
    %load/vec4 v0000024f74d228c0_0;
    %flag_set/vec4 8;
    %jmp/0xz  T_5.10, 8;
    %pushi/vec4 1, 0, 3;
    %store/vec4 v0000024f74d22000_0, 0, 3;
T_5.10 ;
    %jmp T_5.9;
T_5.1 ;
    %pushi/vec4 1, 0, 1;
    %store/vec4 v0000024f74d22460_0, 0, 1;
    %pushi/vec4 1, 0, 1;
    %store/vec4 v0000024f74d214c0_0, 0, 1;
    %pushi/vec4 1, 0, 1;
    %store/vec4 v0000024f74d220a0_0, 0, 1;
    %pushi/vec4 1, 0, 1;
    %store/vec4 v0000024f74cc87b0_0, 0, 1;
    %pushi/vec4 2, 0, 3;
    %store/vec4 v0000024f74d22000_0, 0, 3;
    %jmp T_5.9;
T_5.2 ;
    %load/vec4 v0000024f74cc8fd0_0;
    %flag_set/vec4 9;
    %flag_get/vec4 9;
    %jmp/0 T_5.14, 9;
    %load/vec4 v0000024f74d22140_0;
    %nor/r;
    %and;
T_5.14;
    %flag_set/vec4 8;
    %jmp/0xz  T_5.12, 8;
    %pushi/vec4 1, 0, 1;
    %store/vec4 v0000024f74d216a0_0, 0, 1;
T_5.12 ;
    %load/vec4 v0000024f74d22be0_0;
    %flag_set/vec4 8;
    %jmp/0xz  T_5.15, 8;
    %pushi/vec4 5, 0, 3;
    %store/vec4 v0000024f74d22000_0, 0, 3;
    %jmp T_5.16;
T_5.15 ;
    %pushi/vec4 3, 0, 3;
    %store/vec4 v0000024f74d22000_0, 0, 3;
T_5.16 ;
    %jmp T_5.9;
T_5.3 ;
    %pushi/vec4 1, 0, 1;
    %store/vec4 v0000024f74d22e60_0, 0, 1;
    %pushi/vec4 4, 0, 3;
    %store/vec4 v0000024f74d22000_0, 0, 3;
    %jmp T_5.9;
T_5.4 ;
    %pushi/vec4 1, 0, 1;
    %store/vec4 v0000024f74d22820_0, 0, 1;
    %pushi/vec4 1, 0, 1;
    %store/vec4 v0000024f74cc8cb0_0, 0, 1;
    %pushi/vec4 2, 0, 3;
    %store/vec4 v0000024f74d22000_0, 0, 3;
    %jmp T_5.9;
T_5.5 ;
    %load/vec4 v0000024f74d22140_0;
    %flag_set/vec4 8;
    %jmp/0xz  T_5.17, 8;
    %pushi/vec4 6, 0, 3;
    %store/vec4 v0000024f74d22000_0, 0, 3;
    %jmp T_5.18;
T_5.17 ;
    %pushi/vec4 7, 0, 3;
    %store/vec4 v0000024f74d22000_0, 0, 3;
T_5.18 ;
    %jmp T_5.9;
T_5.6 ;
    %pushi/vec4 1, 0, 1;
    %store/vec4 v0000024f74cc8670_0, 0, 1;
    %pushi/vec4 1, 0, 1;
    %store/vec4 v0000024f74d22820_0, 0, 1;
    %pushi/vec4 7, 0, 3;
    %store/vec4 v0000024f74d22000_0, 0, 3;
    %jmp T_5.9;
T_5.7 ;
    %pushi/vec4 1, 0, 1;
    %store/vec4 v0000024f74cc8df0_0, 0, 1;
    %pushi/vec4 0, 0, 3;
    %store/vec4 v0000024f74d22000_0, 0, 3;
    %jmp T_5.9;
T_5.9 ;
    %pop/vec4 1;
    %jmp T_5;
    .thread T_5, $push;
    .scope S_0000024f74ccc920;
T_6 ;
    %delay 5, 0;
    %load/vec4 v0000024f74d25d40_0;
    %inv;
    %store/vec4 v0000024f74d25d40_0, 0, 1;
    %jmp T_6;
    .thread T_6;
    .scope S_0000024f74ccc920;
T_7 ;
    %vpi_call 2 33 "$dumpfile", "simulacion_topDiv.vcd" {0 0 0};
    %vpi_call 2 34 "$dumpvars", 32'sb00000000000000000000000000000000, S_0000024f74ccc920 {0 0 0};
    %pushi/vec4 0, 0, 1;
    %store/vec4 v0000024f74d25d40_0, 0, 1;
    %pushi/vec4 1, 0, 1;
    %store/vec4 v0000024f74d25660_0, 0, 1;
    %pushi/vec4 0, 0, 1;
    %store/vec4 v0000024f74d244e0_0, 0, 1;
    %pushi/vec4 0, 0, 16;
    %store/vec4 v0000024f74d25480_0, 0, 16;
    %pushi/vec4 0, 0, 16;
    %store/vec4 v0000024f74d24ee0_0, 0, 16;
    %delay 20, 0;
    %pushi/vec4 0, 0, 1;
    %store/vec4 v0000024f74d25660_0, 0, 1;
    %delay 10, 0;
    %pushi/vec4 45, 0, 16;
    %store/vec4 v0000024f74d25480_0, 0, 16;
    %pushi/vec4 6, 0, 16;
    %store/vec4 v0000024f74d24ee0_0, 0, 16;
    %wait E_0000024f74c971a0;
    %pushi/vec4 1, 0, 1;
    %store/vec4 v0000024f74d244e0_0, 0, 1;
    %wait E_0000024f74c971a0;
    %pushi/vec4 0, 0, 1;
    %store/vec4 v0000024f74d244e0_0, 0, 1;
T_7.0 ;
    %load/vec4 v0000024f74d25ac0_0;
    %nor/r;
    %flag_set/vec4 8;
    %jmp/0xz T_7.1, 8;
    %wait E_0000024f74c971a0;
    %jmp T_7.0;
T_7.1 ;
    %vpi_call 2 64 "$display", "Prueba 1 Terminada: 45 / 6 -> Cociente = %d, Residuo = %d", v0000024f74d25520_0, v0000024f74d250c0_0 {0 0 0};
    %delay 20, 0;
    %pushi/vec4 100, 0, 16;
    %store/vec4 v0000024f74d25480_0, 0, 16;
    %pushi/vec4 15, 0, 16;
    %store/vec4 v0000024f74d24ee0_0, 0, 16;
    %wait E_0000024f74c971a0;
    %pushi/vec4 1, 0, 1;
    %store/vec4 v0000024f74d244e0_0, 0, 1;
    %wait E_0000024f74c971a0;
    %pushi/vec4 0, 0, 1;
    %store/vec4 v0000024f74d244e0_0, 0, 1;
T_7.2 ;
    %load/vec4 v0000024f74d25ac0_0;
    %nor/r;
    %flag_set/vec4 8;
    %jmp/0xz T_7.3, 8;
    %wait E_0000024f74c971a0;
    %jmp T_7.2;
T_7.3 ;
    %vpi_call 2 82 "$display", "Prueba 2 Terminada: 100 / 15 -> Cociente = %d, Residuo = %d", v0000024f74d25520_0, v0000024f74d250c0_0 {0 0 0};
    %delay 20, 0;
    %vpi_call 2 86 "$finish" {0 0 0};
    %end;
    .thread T_7;
# The file index is used to find the file name in the following table.
:file_names 10;
    "N/A";
    "<interactive>";
    "div_tb.v";
    "div.v";
    "alu.v";
    "comp.v";
    "control_div.v";
    "reg_q.v";
    "reg_r.v";
    "reg_v.v";
