#! /usr/local/iverilog/bin/vvp
:ivl_version "11.0 (devel)" "(s20150603-642-g3bdb50da)";
:ivl_delay_selection "TYPICAL";
:vpi_time_precision - 12;
:vpi_module "system";
:vpi_module "vhdl_sys";
:vpi_module "vhdl_textio";
:vpi_module "v2005_math";
:vpi_module "va_math";
S_00000000011fd890 .scope module, "tb_mult" "tb_mult" 2 3;
 .timescale -9 -12;
v0000000001250680_0 .var "A", 15 0;
v0000000001251a80_0 .var "B", 15 0;
v00000000012500e0_0 .var "clk", 0 0;
v0000000001250720_0 .net "done", 0 0, v000000000124f0d0_0;  1 drivers
v00000000012509a0_0 .var "init", 0 0;
v0000000001251da0_0 .net "r", 31 0, v000000000124ebd0_0;  1 drivers
v0000000001251260_0 .var "rst", 0 0;
E_00000000011df540 .event edge, v000000000124f0d0_0;
S_00000000011ee740 .scope module, "uut" "mult" 2 16, 3 1 0, S_00000000011fd890;
 .timescale -9 -12;
    .port_info 0 /INPUT 1 "clk";
    .port_info 1 /INPUT 1 "rst";
    .port_info 2 /INPUT 1 "init";
    .port_info 3 /INPUT 16 "A";
    .port_info 4 /INPUT 16 "B";
    .port_info 5 /OUTPUT 32 "r";
    .port_info 6 /OUTPUT 1 "done";
v0000000001251300_0 .net "A", 15 0, v0000000001250680_0;  1 drivers
v0000000001250220_0 .net "B", 15 0, v0000000001251a80_0;  1 drivers
v0000000001251120_0 .net "clk", 0 0, v00000000012500e0_0;  1 drivers
v0000000001250180_0 .net "done", 0 0, v000000000124f0d0_0;  alias, 1 drivers
v0000000001251760_0 .net "init", 0 0, v00000000012509a0_0;  1 drivers
v00000000012504a0_0 .net "r", 31 0, v000000000124ebd0_0;  alias, 1 drivers
v0000000001250ae0_0 .net "rst", 0 0, v0000000001251260_0;  1 drivers
v0000000001250cc0_0 .net "w_A", 31 0, v000000000124f8f0_0;  1 drivers
v0000000001250d60_0 .net "w_B", 15 0, v000000000124f3f0_0;  1 drivers
v0000000001251440_0 .net "w_add", 0 0, v000000000124fdf0_0;  1 drivers
v00000000012502c0_0 .net "w_dec_c", 0 0, v000000000124f670_0;  1 drivers
v0000000001250fe0_0 .net "w_init_c", 0 0, v000000000124f710_0;  1 drivers
v00000000012511c0_0 .net "w_load", 0 0, v000000000124ef90_0;  1 drivers
v00000000012507c0_0 .net "w_reset", 0 0, v000000000124f210_0;  1 drivers
v00000000012514e0_0 .net "w_shft", 0 0, v000000000124fc10_0;  1 drivers
v0000000001250900_0 .net "w_zero", 0 0, L_0000000001251940;  1 drivers
L_0000000001251c60 .part v000000000124f3f0_0, 0, 1;
S_00000000011ee8d0 .scope module, "acc0" "acc" 3 27, 4 1 0, S_00000000011ee740;
 .timescale -9 -12;
    .port_info 0 /INPUT 1 "clk";
    .port_info 1 /INPUT 32 "A";
    .port_info 2 /INPUT 1 "add";
    .port_info 3 /INPUT 1 "rst";
    .port_info 4 /OUTPUT 32 "r";
v00000000011e24b0_0 .net "A", 31 0, v000000000124f8f0_0;  alias, 1 drivers
v00000000011db2e0_0 .net "add", 0 0, v000000000124fdf0_0;  alias, 1 drivers
v00000000011eea60_0 .net "clk", 0 0, v00000000012500e0_0;  alias, 1 drivers
v000000000124ebd0_0 .var "r", 31 0;
v000000000124ec70_0 .net "rst", 0 0, v000000000124ef90_0;  alias, 1 drivers
E_00000000011de7c0 .event posedge, v00000000011eea60_0;
S_000000000124ed10 .scope module, "comp0" "comp" 3 26, 5 1 0, S_00000000011ee740;
 .timescale -9 -12;
    .port_info 0 /INPUT 1 "clk";
    .port_info 1 /INPUT 1 "init_c";
    .port_info 2 /INPUT 1 "dec_c";
    .port_info 3 /OUTPUT 1 "z";
L_0000000001251f68 .functor BUFT 1, C4<00000>, C4<0>, C4<0>, C4<0>;
v000000000124eea0_0 .net/2u *"_s0", 4 0, L_0000000001251f68;  1 drivers
v00000000011e7060_0 .net "clk", 0 0, v00000000012500e0_0;  alias, 1 drivers
v00000000011e7100_0 .var "count", 4 0;
v00000000011e71a0_0 .net "dec_c", 0 0, v000000000124f670_0;  alias, 1 drivers
v000000000124f5d0_0 .net "init_c", 0 0, v000000000124f710_0;  alias, 1 drivers
v000000000124fad0_0 .net "z", 0 0, L_0000000001251940;  alias, 1 drivers
L_0000000001251940 .cmp/eq 5, v00000000011e7100_0, L_0000000001251f68;
S_00000000011e7240 .scope module, "control0" "control_multi" 3 28, 6 1 0, S_00000000011ee740;
 .timescale -9 -12;
    .port_info 0 /INPUT 1 "clk";
    .port_info 1 /INPUT 1 "rst";
    .port_info 2 /INPUT 1 "init";
    .port_info 3 /INPUT 1 "lsb_B";
    .port_info 4 /INPUT 1 "z";
    .port_info 5 /OUTPUT 1 "load";
    .port_info 6 /OUTPUT 1 "init_c";
    .port_info 7 /OUTPUT 1 "dec_c";
    .port_info 8 /OUTPUT 1 "add";
    .port_info 9 /OUTPUT 1 "sh";
    .port_info 10 /OUTPUT 1 "done";
    .port_info 11 /OUTPUT 1 "reset";
P_00000000011f6880 .param/l "ADD" 1 6 18, C4<01>;
P_00000000011f68b8 .param/l "DONE" 1 6 20, C4<11>;
P_00000000011f68f0 .param/l "IDLE" 1 6 17, C4<00>;
P_00000000011f6928 .param/l "SHIFT" 1 6 19, C4<10>;
v000000000124fdf0_0 .var "add", 0 0;
v000000000124f2b0_0 .net "clk", 0 0, v00000000012500e0_0;  alias, 1 drivers
v000000000124f670_0 .var "dec_c", 0 0;
v000000000124f0d0_0 .var "done", 0 0;
v000000000124f030_0 .net "init", 0 0, v00000000012509a0_0;  alias, 1 drivers
v000000000124f710_0 .var "init_c", 0 0;
v000000000124ef90_0 .var "load", 0 0;
v000000000124f170_0 .net "lsb_B", 0 0, L_0000000001251c60;  1 drivers
v000000000124fe90_0 .var "next_state", 1 0;
v000000000124f210_0 .var "reset", 0 0;
v000000000124f990_0 .net "rst", 0 0, v0000000001251260_0;  alias, 1 drivers
v000000000124fc10_0 .var "sh", 0 0;
v000000000124fa30_0 .var "state", 1 0;
v000000000124f350_0 .net "z", 0 0, L_0000000001251940;  alias, 1 drivers
E_00000000011de880 .event edge, v000000000124fa30_0, v000000000124f030_0, v000000000124f170_0, v000000000124fad0_0;
E_00000000011deb80 .event posedge, v000000000124f990_0, v00000000011eea60_0;
S_00000000011f6970 .scope module, "rcd0" "rcd" 3 24, 7 1 0, S_00000000011ee740;
 .timescale -9 -12;
    .port_info 0 /INPUT 1 "clk";
    .port_info 1 /INPUT 16 "in_B";
    .port_info 2 /INPUT 1 "shift";
    .port_info 3 /INPUT 1 "load";
    .port_info 4 /OUTPUT 16 "s_B";
v000000000124fb70_0 .net "clk", 0 0, v00000000012500e0_0;  alias, 1 drivers
v000000000124fcb0_0 .net "in_B", 15 0, v0000000001251a80_0;  alias, 1 drivers
v000000000124f7b0_0 .net "load", 0 0, v000000000124ef90_0;  alias, 1 drivers
v000000000124f3f0_0 .var "s_B", 15 0;
v000000000124f850_0 .net "shift", 0 0, v000000000124fc10_0;  alias, 1 drivers
S_00000000011f6b00 .scope module, "rci0" "rci" 3 25, 8 1 0, S_00000000011ee740;
 .timescale -9 -12;
    .port_info 0 /INPUT 1 "clk";
    .port_info 1 /INPUT 16 "in_A";
    .port_info 2 /INPUT 1 "shift";
    .port_info 3 /INPUT 1 "load";
    .port_info 4 /OUTPUT 32 "s_A";
v000000000124fd50_0 .net "clk", 0 0, v00000000012500e0_0;  alias, 1 drivers
v000000000124f490_0 .net "in_A", 15 0, v0000000001250680_0;  alias, 1 drivers
v000000000124f530_0 .net "load", 0 0, v000000000124ef90_0;  alias, 1 drivers
v000000000124f8f0_0 .var "s_A", 31 0;
v0000000001250a40_0 .net "shift", 0 0, v000000000124fc10_0;  alias, 1 drivers
    .scope S_00000000011f6970;
T_0 ;
    %wait E_00000000011de7c0;
    %load/vec4 v000000000124f7b0_0;
    %flag_set/vec4 8;
    %jmp/0xz  T_0.0, 8;
    %load/vec4 v000000000124fcb0_0;
    %store/vec4 v000000000124f3f0_0, 0, 16;
    %jmp T_0.1;
T_0.0 ;
    %load/vec4 v000000000124f850_0;
    %flag_set/vec4 8;
    %jmp/0xz  T_0.2, 8;
    %pushi/vec4 0, 0, 1;
    %load/vec4 v000000000124f3f0_0;
    %parti/s 15, 1, 2;
    %concat/vec4; draw_concat_vec4
    %assign/vec4 v000000000124f3f0_0, 0;
T_0.2 ;
T_0.1 ;
    %jmp T_0;
    .thread T_0;
    .scope S_00000000011f6b00;
T_1 ;
    %wait E_00000000011de7c0;
    %load/vec4 v000000000124f530_0;
    %flag_set/vec4 8;
    %jmp/0xz  T_1.0, 8;
    %pushi/vec4 0, 0, 16;
    %load/vec4 v000000000124f490_0;
    %concat/vec4; draw_concat_vec4
    %assign/vec4 v000000000124f8f0_0, 0;
    %jmp T_1.1;
T_1.0 ;
    %load/vec4 v0000000001250a40_0;
    %flag_set/vec4 8;
    %jmp/0xz  T_1.2, 8;
    %load/vec4 v000000000124f8f0_0;
    %parti/s 31, 0, 2;
    %concati/vec4 0, 0, 1;
    %assign/vec4 v000000000124f8f0_0, 0;
T_1.2 ;
T_1.1 ;
    %jmp T_1;
    .thread T_1;
    .scope S_000000000124ed10;
T_2 ;
    %wait E_00000000011de7c0;
    %load/vec4 v000000000124f5d0_0;
    %flag_set/vec4 8;
    %jmp/0xz  T_2.0, 8;
    %pushi/vec4 16, 0, 5;
    %assign/vec4 v00000000011e7100_0, 0;
    %jmp T_2.1;
T_2.0 ;
    %load/vec4 v00000000011e71a0_0;
    %load/vec4 v000000000124fad0_0;
    %nor/r;
    %and;
    %flag_set/vec4 8;
    %jmp/0xz  T_2.2, 8;
    %load/vec4 v00000000011e7100_0;
    %subi 1, 0, 5;
    %assign/vec4 v00000000011e7100_0, 0;
T_2.2 ;
T_2.1 ;
    %jmp T_2;
    .thread T_2;
    .scope S_00000000011ee8d0;
T_3 ;
    %wait E_00000000011de7c0;
    %load/vec4 v000000000124ec70_0;
    %flag_set/vec4 8;
    %jmp/0xz  T_3.0, 8;
    %pushi/vec4 0, 0, 32;
    %assign/vec4 v000000000124ebd0_0, 0;
    %jmp T_3.1;
T_3.0 ;
    %load/vec4 v00000000011db2e0_0;
    %flag_set/vec4 8;
    %jmp/0xz  T_3.2, 8;
    %load/vec4 v000000000124ebd0_0;
    %load/vec4 v00000000011e24b0_0;
    %add;
    %assign/vec4 v000000000124ebd0_0, 0;
T_3.2 ;
T_3.1 ;
    %jmp T_3;
    .thread T_3;
    .scope S_00000000011e7240;
T_4 ;
    %wait E_00000000011deb80;
    %load/vec4 v000000000124f990_0;
    %flag_set/vec4 8;
    %jmp/0xz  T_4.0, 8;
    %pushi/vec4 0, 0, 2;
    %assign/vec4 v000000000124fa30_0, 0;
    %jmp T_4.1;
T_4.0 ;
    %load/vec4 v000000000124fe90_0;
    %assign/vec4 v000000000124fa30_0, 0;
T_4.1 ;
    %jmp T_4;
    .thread T_4;
    .scope S_00000000011e7240;
T_5 ;
    %wait E_00000000011de880;
    %pushi/vec4 0, 0, 1;
    %store/vec4 v000000000124ef90_0, 0, 1;
    %pushi/vec4 0, 0, 1;
    %store/vec4 v000000000124f710_0, 0, 1;
    %pushi/vec4 0, 0, 1;
    %store/vec4 v000000000124fdf0_0, 0, 1;
    %pushi/vec4 0, 0, 1;
    %store/vec4 v000000000124fc10_0, 0, 1;
    %pushi/vec4 0, 0, 1;
    %store/vec4 v000000000124f670_0, 0, 1;
    %pushi/vec4 0, 0, 1;
    %store/vec4 v000000000124f0d0_0, 0, 1;
    %pushi/vec4 0, 0, 1;
    %store/vec4 v000000000124f210_0, 0, 1;
    %load/vec4 v000000000124fa30_0;
    %store/vec4 v000000000124fe90_0, 0, 2;
    %load/vec4 v000000000124fa30_0;
    %dup/vec4;
    %pushi/vec4 0, 0, 2;
    %cmp/u;
    %jmp/1 T_5.0, 6;
    %dup/vec4;
    %pushi/vec4 1, 0, 2;
    %cmp/u;
    %jmp/1 T_5.1, 6;
    %dup/vec4;
    %pushi/vec4 2, 0, 2;
    %cmp/u;
    %jmp/1 T_5.2, 6;
    %dup/vec4;
    %pushi/vec4 3, 0, 2;
    %cmp/u;
    %jmp/1 T_5.3, 6;
    %pushi/vec4 0, 0, 2;
    %store/vec4 v000000000124fe90_0, 0, 2;
    %jmp T_5.5;
T_5.0 ;
    %load/vec4 v000000000124f030_0;
    %flag_set/vec4 8;
    %jmp/0xz  T_5.6, 8;
    %pushi/vec4 1, 0, 1;
    %store/vec4 v000000000124ef90_0, 0, 1;
    %pushi/vec4 1, 0, 1;
    %store/vec4 v000000000124f710_0, 0, 1;
    %pushi/vec4 1, 0, 2;
    %store/vec4 v000000000124fe90_0, 0, 2;
T_5.6 ;
    %jmp T_5.5;
T_5.1 ;
    %load/vec4 v000000000124f170_0;
    %flag_set/vec4 8;
    %jmp/0xz  T_5.8, 8;
    %pushi/vec4 1, 0, 1;
    %store/vec4 v000000000124fdf0_0, 0, 1;
T_5.8 ;
    %pushi/vec4 2, 0, 2;
    %store/vec4 v000000000124fe90_0, 0, 2;
    %jmp T_5.5;
T_5.2 ;
    %pushi/vec4 1, 0, 1;
    %store/vec4 v000000000124fc10_0, 0, 1;
    %pushi/vec4 1, 0, 1;
    %store/vec4 v000000000124f670_0, 0, 1;
    %load/vec4 v000000000124f350_0;
    %flag_set/vec4 8;
    %jmp/0xz  T_5.10, 8;
    %pushi/vec4 3, 0, 2;
    %store/vec4 v000000000124fe90_0, 0, 2;
    %jmp T_5.11;
T_5.10 ;
    %pushi/vec4 1, 0, 2;
    %store/vec4 v000000000124fe90_0, 0, 2;
T_5.11 ;
    %jmp T_5.5;
T_5.3 ;
    %pushi/vec4 1, 0, 1;
    %store/vec4 v000000000124f0d0_0, 0, 1;
    %pushi/vec4 0, 0, 2;
    %store/vec4 v000000000124fe90_0, 0, 2;
    %jmp T_5.5;
T_5.5 ;
    %pop/vec4 1;
    %jmp T_5;
    .thread T_5, $push;
    .scope S_00000000011fd890;
T_6 ;
    %delay 5000, 0;
    %load/vec4 v00000000012500e0_0;
    %inv;
    %store/vec4 v00000000012500e0_0, 0, 1;
    %jmp T_6;
    .thread T_6;
    .scope S_00000000011fd890;
T_7 ;
    %vpi_call 2 32 "$dumpfile", "simulacion.vcd" {0 0 0};
    %vpi_call 2 33 "$dumpvars", 32'sb00000000000000000000000000000000, S_00000000011fd890 {0 0 0};
    %pushi/vec4 0, 0, 1;
    %store/vec4 v00000000012500e0_0, 0, 1;
    %pushi/vec4 1, 0, 1;
    %store/vec4 v0000000001251260_0, 0, 1;
    %pushi/vec4 0, 0, 1;
    %store/vec4 v00000000012509a0_0, 0, 1;
    %pushi/vec4 0, 0, 16;
    %store/vec4 v0000000001250680_0, 0, 16;
    %pushi/vec4 0, 0, 16;
    %store/vec4 v0000000001251a80_0, 0, 16;
    %delay 10000, 0;
    %pushi/vec4 0, 0, 1;
    %store/vec4 v0000000001251260_0, 0, 1;
    %delay 10000, 0;
    %pushi/vec4 5, 0, 16;
    %store/vec4 v0000000001250680_0, 0, 16;
    %pushi/vec4 3, 0, 16;
    %store/vec4 v0000000001251a80_0, 0, 16;
    %pushi/vec4 1, 0, 1;
    %store/vec4 v00000000012509a0_0, 0, 1;
    %delay 10000, 0;
    %pushi/vec4 0, 0, 1;
    %store/vec4 v00000000012509a0_0, 0, 1;
T_7.0 ;
    %load/vec4 v0000000001250720_0;
    %pad/u 32;
    %pushi/vec4 1, 0, 32;
    %cmp/e;
    %flag_get/vec4 4;
    %cmpi/ne 1, 0, 1;
    %jmp/0xz T_7.1, 6;
    %wait E_00000000011df540;
    %jmp T_7.0;
T_7.1 ;
    %vpi_call 2 54 "$display", "Tiempo: %0t | Prueba 1: %d * %d = %d", $time, v0000000001250680_0, v0000000001251a80_0, v0000000001251da0_0 {0 0 0};
    %delay 20000, 0;
    %pushi/vec4 12, 0, 16;
    %store/vec4 v0000000001250680_0, 0, 16;
    %pushi/vec4 12, 0, 16;
    %store/vec4 v0000000001251a80_0, 0, 16;
    %pushi/vec4 1, 0, 1;
    %store/vec4 v00000000012509a0_0, 0, 1;
    %delay 10000, 0;
    %pushi/vec4 0, 0, 1;
    %store/vec4 v00000000012509a0_0, 0, 1;
T_7.2 ;
    %load/vec4 v0000000001250720_0;
    %pad/u 32;
    %pushi/vec4 1, 0, 32;
    %cmp/e;
    %flag_get/vec4 4;
    %cmpi/ne 1, 0, 1;
    %jmp/0xz T_7.3, 6;
    %wait E_00000000011df540;
    %jmp T_7.2;
T_7.3 ;
    %vpi_call 2 64 "$display", "Tiempo: %0t | Prueba 2: %d * %d = %d", $time, v0000000001250680_0, v0000000001251a80_0, v0000000001251da0_0 {0 0 0};
    %delay 20000, 0;
    %vpi_call 2 67 "$finish" {0 0 0};
    %end;
    .thread T_7;
# The file index is used to find the file name in the following table.
:file_names 9;
    "N/A";
    "<interactive>";
    "tb_mult.v";
    "mult.v";
    "acc.v";
    "comp.v";
    "control_multi.v";
    "rcd.v";
    "rci.v";
